[www.viaviweb.in/Apps/cricket_world_cup/index.html]
[backblue.gif]
[fade.gif]
[index.html]
[www.viaviweb.in/Apps/cricket_world_cup/img/favicon.5.delayed]
[www.viaviweb.in/Apps/cricket_world_cup/img/bg-login.jpg]
[www.viaviweb.in/Apps/cricket_world_cup/js/jquery-1.9.1.min.js]
[www.viaviweb.in/Apps/cricket_world_cup/js/jquery-migrate-1.0.0.min.js]
[www.viaviweb.in/Apps/cricket_world_cup/js/jquery-ui-1.10.0.custom.min.js]
[www.viaviweb.in/Apps/cricket_world_cup/js/jquery.ui.touch-punch.js]
[www.viaviweb.in/Apps/cricket_world_cup/js/modernizr.js]
[www.viaviweb.in/Apps/cricket_world_cup/js/bootstrap.min.js]
[www.viaviweb.in/Apps/cricket_world_cup/js/jquery.cookie.js]
[www.viaviweb.in/Apps/cricket_world_cup/js/fullcalendar.min.js]
[www.viaviweb.in/Apps/cricket_world_cup/js/jquery.dataTables.min.js]
[www.viaviweb.in/Apps/cricket_world_cup/js/excanvas.js]
[www.viaviweb.in/Apps/cricket_world_cup/js/jquery.flot.js]
[www.viaviweb.in/Apps/cricket_world_cup/js/jquery.flot.pie.js]
[www.viaviweb.in/Apps/cricket_world_cup/js/jquery.flot.stack.js]
[www.viaviweb.in/Apps/cricket_world_cup/js/jquery.flot.resize.min.js]
[www.viaviweb.in/Apps/cricket_world_cup/js/jquery.chosen.min.js]
[www.viaviweb.in/Apps/cricket_world_cup/js/jquery.uniform.min.js]
[www.viaviweb.in/Apps/cricket_world_cup/js/jquery.cleditor.min.js]
[www.viaviweb.in/Apps/cricket_world_cup/js/jquery.noty.js]
[www.viaviweb.in/Apps/cricket_world_cup/js/jquery.elfinder.min.js]
[www.viaviweb.in/Apps/cricket_world_cup/js/jquery.raty.min.js]
[www.viaviweb.in/Apps/cricket_world_cup/js/jquery.iphone.toggle.js]
[www.viaviweb.in/Apps/cricket_world_cup/js/jquery.uploadify-3.1.min.js]
[www.viaviweb.in/Apps/cricket_world_cup/js/jquery.gritter.min.js]
[www.viaviweb.in/Apps/cricket_world_cup/js/jquery.imagesloaded.js]
[www.viaviweb.in/Apps/cricket_world_cup/js/jquery.masonry.min.js]
[www.viaviweb.in/Apps/cricket_world_cup/js/jquery.knob.modified.js]
[www.viaviweb.in/Apps/cricket_world_cup/js/jquery.sparkline.min.js]
[www.viaviweb.in/Apps/cricket_world_cup/js/counter.js]
[www.viaviweb.in/Apps/cricket_world_cup/js/retina.js]
[www.viaviweb.in/Apps/cricket_world_cup/js/custom.js]
[www.viaviweb.in/Apps/cricket_world_cup/index.html]
[www.viaviweb.in/Apps/cricket_world_cup/img/glyphicons-halflings.png]
[www.viaviweb.in/Apps/cricket_world_cup/img/glyphicons-halflings-white.png]
[www.viaviweb.in/Apps/cricket_world_cup/css/bootstrap.min.css]
[www.viaviweb.in/Apps/cricket_world_cup/css/bootstrap-responsive.min.css]
[www.viaviweb.in/Apps/cricket_world_cup/img/chat-left.png]
[www.viaviweb.in/Apps/cricket_world_cup/img/chat-right.png]
[www.viaviweb.in/Apps/cricket_world_cup/img/chat-left-metro.png]
[www.viaviweb.in/Apps/cricket_world_cup/img/chat-right-metro.png]
[www.viaviweb.in/Apps/cricket_world_cup/img/slider_r8.png]
[www.viaviweb.in/Apps/cricket_world_cup/img/quote.png]
[www.viaviweb.in/Apps/cricket_world_cup/img/timeline-bg.png]
[www.viaviweb.in/Apps/cricket_world_cup/img/timeline-left-arrow.png]
[www.viaviweb.in/Apps/cricket_world_cup/img/timeline-right-arrow.png]
[www.viaviweb.in/Apps/cricket_world_cup/img/timeline-left-arrow@2x.png]
[www.viaviweb.in/Apps/cricket_world_cup/img/timeline-right-arrow@2x.png]
[www.viaviweb.in/Apps/cricket_world_cup/img/chat-left@2x.png]
[www.viaviweb.in/Apps/cricket_world_cup/img/chat-right@2x.png]
[www.viaviweb.in/Apps/cricket_world_cup/img/chat-left-metro@2x.png]
[www.viaviweb.in/Apps/cricket_world_cup/img/chat-right-metro@2x.png]
[www.viaviweb.in/Apps/cricket_world_cup/css/style.css]
[www.viaviweb.in/Apps/cricket_world_cup/css/style-responsive.css]
[www.viaviweb.in/Apps/cricket_world_cup/img/favicon.html]
[www.viaviweb.in/Apps/cricket_world_cup/img/ui-bg_flat_75_ffffff_40x100.png]
[www.viaviweb.in/Apps/cricket_world_cup/img/ui-bg_highlight-soft_75_cccccc_1x100.png]
[www.viaviweb.in/Apps/cricket_world_cup/img/ui-bg_glass_75_e6e6e6_1x400.png]
[www.viaviweb.in/Apps/cricket_world_cup/img/ui-bg_glass_75_dadada_1x400.png]
[www.viaviweb.in/Apps/cricket_world_cup/img/ui-bg_glass_65_ffffff_1x400.png]
[www.viaviweb.in/Apps/cricket_world_cup/img/ui-bg_glass_55_fbf9ee_1x400.png]
[www.viaviweb.in/Apps/cricket_world_cup/img/ui-bg_glass_95_fef1ec_1x400.png]
[www.viaviweb.in/Apps/cricket_world_cup/img/ui-icons_222222_256x240.png]
[www.viaviweb.in/Apps/cricket_world_cup/img/ui-icons_888888_256x240.png]
[www.viaviweb.in/Apps/cricket_world_cup/img/ui-icons_454545_256x240.png]
[www.viaviweb.in/Apps/cricket_world_cup/img/ui-icons_2e83ff_256x240.png]
[www.viaviweb.in/Apps/cricket_world_cup/img/ui-icons_cd0a0a_256x240.png]
[www.viaviweb.in/Apps/cricket_world_cup/img/ui-bg_flat_0_aaaaaa_40x100.png]
[www.viaviweb.in/Apps/cricket_world_cup/css/jquery-ui-1.8.21.custom.css]
[www.viaviweb.in/Apps/cricket_world_cup/css/fullcalendar.css]
[www.viaviweb.in/Apps/cricket_world_cup/img/chosen-sprite.png]
[www.viaviweb.in/Apps/cricket_world_cup/css/chosen.css]
[www.viaviweb.in/Apps/cricket_world_cup/img/sprite.png]
[www.viaviweb.in/Apps/cricket_world_cup/img/bg-input-focus.png]
[www.viaviweb.in/Apps/cricket_world_cup/img/bg-input.png]
[www.viaviweb.in/Apps/cricket_world_cup/css/uniform.default.css]
[www.viaviweb.in/Apps/cricket_world_cup/img/toolbar.gif]
[www.viaviweb.in/Apps/cricket_world_cup/img/buttons.gif]
[www.viaviweb.in/Apps/cricket_world_cup/css/jquery.cleditor.css]
[www.viaviweb.in/Apps/cricket_world_cup/css/jquery.noty.css]
[www.viaviweb.in/Apps/cricket_world_cup/css/noty_theme_default.css]
[www.viaviweb.in/Apps/cricket_world_cup/img/crop.gif]
[www.viaviweb.in/Apps/cricket_world_cup/img/progress.gif]
[www.viaviweb.in/Apps/cricket_world_cup/img/logo.5c.delayed]
[www.viaviweb.in/Apps/cricket_world_cup/img/toolbar.png]
[www.viaviweb.in/Apps/cricket_world_cup/img/arrows-normal.png]
[www.viaviweb.in/Apps/cricket_world_cup/img/icons-big.png]
[www.viaviweb.in/Apps/cricket_world_cup/img/icons-small.png]
[www.viaviweb.in/Apps/cricket_world_cup/img/dialogs.png]
[www.viaviweb.in/Apps/cricket_world_cup/img/spinner-mini.gif]
[www.viaviweb.in/Apps/cricket_world_cup/img/arrows-active.png]
[www.viaviweb.in/Apps/cricket_world_cup/img/resize.png]
[www.viaviweb.in/Apps/cricket_world_cup/img/quicklook-bg.png]
[www.viaviweb.in/Apps/cricket_world_cup/img/quicklook-icons.png]
[www.viaviweb.in/Apps/cricket_world_cup/css/elfinder.min.css]
[www.viaviweb.in/Apps/cricket_world_cup/css/elfinder.theme.css]
[www.viaviweb.in/Apps/cricket_world_cup/img/iphone-style-checkboxes/on-63584.png]
[www.viaviweb.in/Apps/cricket_world_cup/img/iphone-style-checkboxes/off-63584.png]
[www.viaviweb.in/Apps/cricket_world_cup/img/iphone-style-checkboxes/slider_left-63584.png]
[www.viaviweb.in/Apps/cricket_world_cup/img/iphone-style-checkboxes/slider_right-63584.png]
[www.viaviweb.in/Apps/cricket_world_cup/img/iphone-style-checkboxes/slider_center-63584.png]
[www.viaviweb.in/Apps/cricket_world_cup/img/ios-style-checkboxes/on-63584.6c.delayed]
[www.viaviweb.in/Apps/cricket_world_cup/img/ios-style-checkboxes/off-63584.6d.delayed]
[www.viaviweb.in/Apps/cricket_world_cup/img/ios-style-checkboxes/slider_left-63584.6e.delayed]
[www.viaviweb.in/Apps/cricket_world_cup/img/ios-style-checkboxes/slider_right-63584.6f.delayed]
[www.viaviweb.in/Apps/cricket_world_cup/img/ios-style-checkboxes/slider_center-63584.70.delayed]
[www.viaviweb.in/Apps/cricket_world_cup/css/jquery.iphone.toggle.css]
[www.viaviweb.in/Apps/cricket_world_cup/img/uploadify-cancel.png]
[www.viaviweb.in/Apps/cricket_world_cup/css/uploadify.css]
[www.viaviweb.in/Apps/cricket_world_cup/img/close-button-white.png]
[www.viaviweb.in/Apps/cricket_world_cup/img/close-button.png]
[www.viaviweb.in/Apps/cricket_world_cup/css/jquery.gritter.css]
[www.viaviweb.in/Apps/cricket_world_cup/font/fontawesome-webfont-62877.eot]
[www.viaviweb.in/Apps/cricket_world_cup/font/fontawesome-webfont-0.eot]
[www.viaviweb.in/Apps/cricket_world_cup/font/fontawesome-webfont-62877.woff]
[www.viaviweb.in/Apps/cricket_world_cup/font/fontawesome-webfont-62877.ttf]
[www.viaviweb.in/Apps/cricket_world_cup/css/font-awesome.min.css]
[www.viaviweb.in/Apps/cricket_world_cup/css/font-awesome-ie7.min.css]
[www.viaviweb.in/Apps/cricket_world_cup/font/glyphicons-regular.eot]
[www.viaviweb.in/Apps/cricket_world_cup/font/glyphicons-regular-0.eot]
[www.viaviweb.in/Apps/cricket_world_cup/font/glyphicons-regular.woff]
[www.viaviweb.in/Apps/cricket_world_cup/font/glyphicons-regular.ttf]
[www.viaviweb.in/Apps/cricket_world_cup/img/glyphicons.png]
[www.viaviweb.in/Apps/cricket_world_cup/css/glyphicons.css]
[www.viaviweb.in/Apps/cricket_world_cup/img/glyphicons-white.png]
[www.viaviweb.in/Apps/cricket_world_cup/font/glyphiconshalflings-regular.eot]
[www.viaviweb.in/Apps/cricket_world_cup/font/glyphiconshalflings-regular-0.eot]
[www.viaviweb.in/Apps/cricket_world_cup/font/glyphiconshalflings-regular.woff]
[www.viaviweb.in/Apps/cricket_world_cup/font/glyphiconshalflings-regular.ttf]
[www.viaviweb.in/Apps/cricket_world_cup/img/glyphicons_halflings.png]
[www.viaviweb.in/Apps/cricket_world_cup/img/glyphicons_halflings-white.png]
[www.viaviweb.in/Apps/cricket_world_cup/css/halflings.css]
[www.viaviweb.in/Apps/cricket_world_cup/css/style-forms.css]
[www.viaviweb.in/Apps/cricket_world_cup/img/logo.html]
[www.viaviweb.in/Apps/cricket_world_cup/img/ios-style-checkboxes/on-63584.html]
[www.viaviweb.in/Apps/cricket_world_cup/img/ios-style-checkboxes/off-63584.html]
[www.viaviweb.in/Apps/cricket_world_cup/img/ios-style-checkboxes/slider_left-63584.html]
[www.viaviweb.in/Apps/cricket_world_cup/img/ios-style-checkboxes/slider_right-63584.html]
[www.viaviweb.in/Apps/cricket_world_cup/img/ios-style-checkboxes/slider_center-63584.html]
[www.viaviweb.in/Apps/cricket_world_cup/font/glyphicons-regular.svg]
[www.viaviweb.in/Apps/cricket_world_cup/img/glyphicons.svg]
[www.viaviweb.in/Apps/cricket_world_cup/img/glyphicons-white.svg]
[www.viaviweb.in/Apps/cricket_world_cup/font/glyphiconshalflings-regular.svg]
[www.viaviweb.in/Apps/cricket_world_cup/img/glyphicons_halflings.svg]
[www.viaviweb.in/Apps/cricket_world_cup/img/glyphicons_halflings-white.svg]
